packages:
  - name: "golang1"
    category: "build"
    version: "1.21.3"
    base_url: https://golang.org/dl
    hidden: true # No need to make it installable for now
    labels:
      autobump.revdeps: "false"
      autobump.string_replace: '{ "prefix": "" }'
      autobump.strategy: "custom"
      autobump.prefix: "prefix"
      autobump.hook: |
        echo "1.21.3"
      autobump.version_hook: |
        echo "1.21.3"
      package.version: "1.21.3"
      autobump.checksum_hook: "curl -q -L https://storage.googleapis.com/golang/go{{.Values.labels.package.version}}.linux-amd64.tar.gz.sha256"
      package.checksum: "1241381b2843fae5a9707eec1f8fb2ef94d827990582c7c7c32f5bdfbfd420c8"
  - name: "golang2"
    category: "build"
    version: "1.21.3"
    base_url: https://golang.org/dl
    hidden: true # No need to make it installable for now
    labels:
      autobump.revdeps: "false"
      autobump.string_replace: '{ "prefix": "" }'
      autobump.strategy: "custom"
      autobump.prefix: "prefix"
      autobump.hook: |
        echo "1.21.3"
      autobump.version_hook: |
        echo "1.21.3"
      package.version: "1.21.3"
      autobump.checksum_hook: "curl -q -L https://storage.googleapis.com/golang/go{{.Values.labels.package.version}}.linux-amd64.tar.gz.sha256"
      package.checksum: "1241381b2843fae5a9707eec1f8fb2ef94d827990582c7c7c32f5bdfbfd420c8"
